Welcome to Ubuntu 24.04.2 LTS (GNU/Linux 6.8.0-62-generic x86_64)

 * Documentation:  https://help.ubuntu.com
 * Management:     https://landscape.canonical.com
 * Support:        https://ubuntu.com/pro

 System information as of Thu Jul 24 17:41:30 UTC 2025

  System load:  0.08              Processes:             109
  Usage of /:   2.7% of 95.82GB   Users logged in:       0
  Memory usage: 5%                IPv4 address for eth0: 195.35.29.137
  Swap usage:   0%                IPv6 address for eth0: 2a02:4780:28:87ee::1

 * Strictly confined Kubernetes makes edge and IoT secure. Learn how MicroK8s
   just raised the bar for easy, resilient and secure K8s cluster deployment.

   https://ubuntu.com/engage/secure-kubernetes-at-the-edge

Expanded Security Maintenance for Applications is not enabled.

35 updates can be applied immediately.
To see these additional updates run: apt list --upgradable

Enable ESM Apps to receive additional future security updates.
See https://ubuntu.com/esm or run: sudo pro status


*** System restart required ***

The programs included with the Ubuntu system are free software;
the exact distribution terms for each program are described in the
individual files in /usr/share/doc/*/copyright.

Ubuntu comes with ABSOLUTELY NO WARRANTY, to the extent permitted by
applicable law.

root@srv898241:~# ^[[200~# Check if you're connected
> whoami
> # Should show: root
> 
> # Check system info
> uname -a
> # Should show Ubuntu version
> 
> # Update system first
> apt update
> 
> # Then run our deployment script
> wget https://raw.githubusercontent.com/your-repo/petrodealhub/main/hostinger-deploy.sh
> chmod +x hostinger-deploy.sh
> ./hostinger-deploy.sh~
> ^[[200~# Check if you're connected
#: command not found
root@srv898241:~# whoami
root
root@srv898241:~# 
root@srv898241:~# # Check system info  
root@srv898241:~# uname -a
Linux srv898241 6.8.0-62-generic #65-Ubuntu SMP PREEMPT_DYNAMIC Mon May 19 17:15:03 UTC 2025 x86_64 x86_64 x86_64 GNU/Linux
root@srv898241:~# 
root@srv898241:~# # Update system first
root@srv898241:~# apt update
Get:1 http://ubuntu.univ-reims.fr/ubuntu noble-backports InRelease [126 kB]
Hit:2 http://ubuntu.univ-reims.fr/ubuntu noble InRelease                                                                          
Get:3 http://ubuntu.univ-reims.fr/ubuntu noble-security InRelease [126 kB]                                  
Get:4 http://ubuntu.univ-reims.fr/ubuntu noble-updates InRelease [126 kB]                                   
Hit:5 http://archive.ubuntu.com/ubuntu noble InRelease                                                      
Get:6 http://archive.ubuntu.com/ubuntu noble-updates InRelease [126 kB]                                               
Hit:7 https://repository.monarx.com/repository/ubuntu-noble noble InRelease                      
Get:8 http://ubuntu.univ-reims.fr/ubuntu noble-backports/main amd64 Components [7060 B]          
Get:9 http://archive.ubuntu.com/ubuntu noble-backports InRelease [126 kB]    
Get:10 http://ubuntu.univ-reims.fr/ubuntu noble-backports/restricted amd64 Components [216 B]
Get:11 http://ubuntu.univ-reims.fr/ubuntu noble-backports/universe amd64 Components [28.3 kB]
Get:12 http://ubuntu.univ-reims.fr/ubuntu noble-backports/multiverse amd64 Components [212 B]          
Get:13 http://archive.ubuntu.com/ubuntu noble-security InRelease [126 kB]
Get:14 http://ubuntu.univ-reims.fr/ubuntu noble-security/main amd64 Packages [1023 kB]
Get:15 http://ubuntu.univ-reims.fr/ubuntu noble-security/main Translation-en [179 kB]
Get:16 http://ubuntu.univ-reims.fr/ubuntu noble-security/main amd64 Components [21.6 kB]
Get:17 http://ubuntu.univ-reims.fr/ubuntu noble-security/restricted amd64 Packages [1484 kB]
Get:18 http://ubuntu.univ-reims.fr/ubuntu noble-security/restricted Translation-en [323 kB]
Get:19 http://ubuntu.univ-reims.fr/ubuntu noble-security/restricted amd64 Components [212 B]
Get:20 http://ubuntu.univ-reims.fr/ubuntu noble-security/universe amd64 Components [52.2 kB]
Get:21 http://ubuntu.univ-reims.fr/ubuntu noble-security/multiverse amd64 Components [212 B]
Get:22 http://ubuntu.univ-reims.fr/ubuntu noble-updates/main amd64 Packages [1281 kB]
Get:23 http://ubuntu.univ-reims.fr/ubuntu noble-updates/main amd64 Components [163 kB]
Get:24 http://ubuntu.univ-reims.fr/ubuntu noble-updates/restricted amd64 Components [212 B]
Get:25 http://ubuntu.univ-reims.fr/ubuntu noble-updates/universe amd64 Packages [1112 kB]
Get:26 http://ubuntu.univ-reims.fr/ubuntu noble-updates/universe amd64 Components [377 kB]
Get:27 http://ubuntu.univ-reims.fr/ubuntu noble-updates/multiverse amd64 Components [940 B]
Get:28 http://archive.ubuntu.com/ubuntu noble-updates/main amd64 Packages [1281 kB]
Get:29 http://archive.ubuntu.com/ubuntu noble-updates/main amd64 Components [163 kB]
Get:30 http://archive.ubuntu.com/ubuntu noble-updates/universe amd64 Packages [1112 kB]
Get:31 http://archive.ubuntu.com/ubuntu noble-updates/universe amd64 Components [377 kB]
Get:32 http://archive.ubuntu.com/ubuntu noble-updates/restricted amd64 Components [212 B]
Get:33 http://archive.ubuntu.com/ubuntu noble-updates/multiverse amd64 Components [940 B]
Get:34 http://archive.ubuntu.com/ubuntu noble-backports/main amd64 Components [7060 B]
Get:35 http://archive.ubuntu.com/ubuntu noble-backports/universe amd64 Components [28.3 kB]
Get:36 http://archive.ubuntu.com/ubuntu noble-backports/restricted amd64 Components [216 B]
Get:37 http://archive.ubuntu.com/ubuntu noble-backports/multiverse amd64 Components [212 B]
Get:38 http://archive.ubuntu.com/ubuntu noble-security/main amd64 Packages [1023 kB]
Get:39 http://archive.ubuntu.com/ubuntu noble-security/main Translation-en [179 kB]
Get:40 http://archive.ubuntu.com/ubuntu noble-security/main amd64 Components [21.6 kB]
Get:41 http://archive.ubuntu.com/ubuntu noble-security/universe amd64 Packages [876 kB]
Get:42 http://archive.ubuntu.com/ubuntu noble-security/universe amd64 Components [52.2 kB]
Get:43 http://archive.ubuntu.com/ubuntu noble-security/restricted amd64 Packages [1484 kB]
Get:44 http://archive.ubuntu.com/ubuntu noble-security/restricted Translation-en [323 kB]
Get:45 http://archive.ubuntu.com/ubuntu noble-security/restricted amd64 Components [212 B]
Get:46 http://archive.ubuntu.com/ubuntu noble-security/multiverse amd64 Components [212 B]
Fetched 13.7 MB in 4s (3225 kB/s)                             
Reading package lists... Done
Building dependency tree... Done
Reading state information... Done
39 packages can be upgraded. Run 'apt list --upgradable' to see them.
root@srv898241:~# 
root@srv898241:~# # Create the deployment script directly
root@srv898241:~# cat > hostinger-deploy.sh << 'EOF'
> #!/bin/bash
> 
> # Hostinger VPS Deployment Script for PetroDealHub
> set -e
> 
> echo "ðŸš€ PetroDealHub Hostinger VPS Deployment"
> echo "========================================"
> 
> # Colors
> GREEN='\033[0;32m'
> YELLOW='\033[1;33m'
> RED='\033[0;31m'
> BLUE='\033[0;34m'
> NC='\033[0m'
> 
> # Get domain from user
> read -p "Enter your domain name (e.g., yourdomain.com): " DOMAIN
> if [ -z "$DOMAIN" ]; then
>     echo -e "${RED}Domain name is required${NC}"
>     exit 1
> fi
> 
> echo -e "${BLUE}Deploying PetroDealHub to Hostinger VPS for domain: $DOMAIN${NC}"
> 
> echo -e "${GREEN}[1/10]${NC} Updating system packages..."
> apt update && apt upgrade -y
> 
> echo -e "${GREEN}[2/10]${NC} Installing essential packages..."
> apt install curl wget git nano htop unzip software-properties-common -y
> 
> echo -e "${GREEN}[3/10]${NC} Installing Node.js 20.x..."
> if ! command -v node &> /dev/null; then
>     curl -fsSL https://deb.nodesource.com/setup_20.x | bash -
>     apt-get install -y nodejs
> fi
> 
> echo -e "${GREEN}[4/10]${NC} Installing PM2..."
> if ! command -v pm2 &> /dev/null; then
>     npm install -g pm2
> fi
> 
> echo -e "${GREEN}[5/10]${NC} Installing PostgreSQL..."
> if ! command -v psql &> /dev/null; then
>     apt install postgresql postgresql-contrib -y
>     systemctl start postgresql
>     systemctl enable postgresql
> fi
> 
> echo -e "${GREEN}[6/10]${NC} Installing Nginx..."
> if ! command -v nginx &> /dev/null; then
>     apt install nginx -y
>     systemctl start nginx
>     systemctl enable nginx
> fi
> 
> echo -e "${GREEN}[7/10]${NC} Installing SSL tools..."
> if ! command -v certbot &> /dev/null; then
>     apt install certbot python3-certbot-nginx -y
> fi
> 
> echo -e "${GREEN}[8/10]${NC} Setting up database..."
> DB_PASSWORD=$(openssl rand -base64 32)
> echo "Database password: $DB_PASSWORD" > /root/petrodealhub_db_password.txt
> chmod 600 /root/petrodealhub_db_password.txt
> 
> sudo -u postgres psql << EOFDB
> CREATE DATABASE petrodealhub;
> CREATE USER petrodealhub_user WITH PASSWORD '$DB_PASSWORD';
> GRANT ALL PRIVILEGES ON DATABASE petrodealhub TO petrodealhub_user;
> \q
> EOFDB
> 
> echo -e "${GREEN}[9/10]${NC} Creating project directory..."
> mkdir -p /var/www/petrodealhub
> cd /var/www/petrodealhub
> 
> echo -e "${GREEN}[10/10]${NC} Creating environment file..."
> cat > .env << EOFENV
> DATABASE_URL=postgresql://petrodealhub_user:$DB_PASSWORD@localhost:5432/petrodealhub
> SESSION_SECRET=$(openssl rand -base64 32)
> NODE_ENV=production
> PORT=5000
> DOMAIN=$DOMAIN
> STRIPE_SECRET_KEY=sk_live_your_stripe_secret_key_here
> VITE_STRIPE_PUBLIC_KEY=pk_live_your_stripe_public_key_here
> EOFENV
> 
> echo ""
> echo -e "${GREEN}ðŸŽ‰ Server setup completed!${NC}"
> echo ""
> echo "Next steps:"
> echo "1. Upload your PetroDealHub project files to: /var/www/petrodealhub"
> echo "2. Update Stripe keys in .env file"
> echo "3. Run: npm install && npm run build"
> echo "4. Start with PM2"
> echo ""
> echo "Database password saved to: /root/petrodealhub_db_password.txt"
> EOF
root@srv898241:~# 
root@srv898241:~# # Make script executable and run it
root@srv898241:~# chmod +x hostinger-deploy.sh
root@srv898241:~# ./hostinger-deploy.sh~petrodealhub.com
-bash: ./hostinger-deploy.sh~petrodealhub.com: No such file or directory
root@srv898241:~# ^C